BL51 BANKED LINKER/LOCATER V6.22.2.0                                                    02/16/2026  11:49:00  PAGE 1


BL51 BANKED LINKER/LOCATER V6.22.2.0, INVOKED BY:
E:\KEIL5\C51\BIN\BL51.EXE .\Objects\main.obj, .\Objects\Delay.obj, .\Objects\nixie.obj TO .\Objects\模块化 PRINT (.\List
>> ings\模块化.m51) RAMSIZE (256)


MEMORY MODEL: SMALL


INPUT MODULES INCLUDED:
  .\Objects\main.obj (MAIN)
  .\Objects\Delay.obj (DELAY)
  .\Objects\nixie.obj (NIXIE)
  E:\KEIL5\C51\LIB\C51S.LIB (?C_STARTUP)
  E:\KEIL5\C51\LIB\C51S.LIB (?C_INIT)


LINK MAP OF MODULE:  .\Objects\模块化 (MAIN)


            TYPE    BASE      LENGTH    RELOCATION   SEGMENT NAME
            -----------------------------------------------------

            * * * * * * *   D A T A   M E M O R Y   * * * * * * *
            REG     0000H     0008H     ABSOLUTE     "REG BANK 0"
            DATA    0008H     000AH     UNIT         ?DT?NIXIE
            IDATA   0012H     0001H     UNIT         ?STACK

            * * * * * * *   C O D E   M E M O R Y   * * * * * * *
            CODE    0000H     0003H     ABSOLUTE     
            CODE    0003H     008CH     UNIT         ?C_C51STARTUP
            CODE    008FH     006DH     UNIT         ?PR?_NIXIE?NIXIE
            CODE    00FCH     001EH     UNIT         ?PR?_DELAY?DELAY
            CODE    011AH     001DH     UNIT         ?PR?MAIN?MAIN
            CODE    0137H     000DH     UNIT         ?C_INITSEG



OVERLAY MAP OF MODULE:   .\Objects\模块化 (MAIN)


SEGMENT
  +--> CALLED SEGMENT
---------------------
?C_C51STARTUP
  +--> ?PR?MAIN?MAIN
  +--> ?C_INITSEG

?PR?MAIN?MAIN
  +--> ?PR?_NIXIE?NIXIE

?PR?_NIXIE?NIXIE
  +--> ?PR?_DELAY?DELAY



SYMBOL TABLE OF MODULE:  .\Objects\模块化 (MAIN)

  VALUE           TYPE          NAME
BL51 BANKED LINKER/LOCATER V6.22.2.0                                                  02/16/2026  11:49:00  PAGE 2


  ----------------------------------

  -------         MODULE        MAIN
  C:0000H         SYMBOL        _ICE_DUMMY_
  C:011AH         PUBLIC        main
  -------         PROC          MAIN
  C:011AH         LINE#         4
  C:011AH         LINE#         5
  C:011AH         LINE#         6
  C:011AH         LINE#         7
  C:011AH         LINE#         8
  C:0123H         LINE#         9
  C:012CH         LINE#         10
  C:0135H         LINE#         11
  -------         ENDPROC       MAIN
  -------         ENDMOD        MAIN

  -------         MODULE        DELAY
  C:0000H         SYMBOL        _ICE_DUMMY_
  C:00FCH         PUBLIC        _Delay
  -------         PROC          _DELAY
  D:0006H         SYMBOL        ms
  -------         DO            
  D:0006H         SYMBOL        i
  D:0004H         SYMBOL        j
  -------         ENDDO         
  C:00FCH         LINE#         2
  C:00FCH         LINE#         3
  C:00FCH         LINE#         6
  C:0105H         LINE#         7
  C:0105H         LINE#         8
  C:0109H         LINE#         9
  C:0109H         LINE#         11
  C:0112H         LINE#         12
  C:0119H         LINE#         13
  -------         ENDPROC       _DELAY
  -------         ENDMOD        DELAY

  -------         MODULE        NIXIE
  C:0000H         SYMBOL        _ICE_DUMMY_
  D:0080H         PUBLIC        P0
  B:00A0H.2       PUBLIC        P2_2
  B:00A0H.3       PUBLIC        P2_3
  B:00A0H.4       PUBLIC        P2_4
  C:008FH         PUBLIC        _nixie
  D:0008H         PUBLIC        core
  -------         PROC          _NIXIE
  D:0007H         SYMBOL        location
  D:0004H         SYMBOL        number
  C:008FH         LINE#         6
  C:008FH         LINE#         7
  C:008FH         LINE#         8
  C:00BCH         LINE#         9
  C:00BCH         LINE#         10
  C:00C0H         LINE#         11
  C:00C4H         LINE#         12
  C:00C8H         LINE#         13
BL51 BANKED LINKER/LOCATER V6.22.2.0                                                  02/16/2026  11:49:00  PAGE 3


  C:00CCH         LINE#         14
  C:00D4H         LINE#         15
  C:00DCH         LINE#         16
  C:00E4H         LINE#         17
  C:00EAH         LINE#         18
  C:00EAH         LINE#         19
  C:00F1H         LINE#         20
  C:00F8H         LINE#         21
  C:00FBH         LINE#         22
  -------         ENDPROC       _NIXIE
  -------         ENDMOD        NIXIE

Program Size: data=19.0 xdata=0 code=324
LINK/LOCATE RUN COMPLETE.  0 WARNING(S),  0 ERROR(S)
